<html>
<body>
<pre>
<h1>µVision Build Log</h1>
<h2>Project:</h2>
E:\Project\Lab\Genitus Lab\edX_EmbeddedSystems_IO\Labware\Lab9_FunctionalDebugging\Lab9.uvproj
Project File Date:  05/08/2020

<h2>Output:</h2>
Build target 'Lab9'
compiling main.c...
linking...
Program Size: Code=2976 RO-data=2712 RW-data=60 ZI-data=1644  
".\Lab9.axf" - 0 Error(s), 0 Warning(s).
</pre>
</body>
</html>
1 warning, 0 errors
linking...
Program Size: Code=2972 RO-data=2712 RW-data=60 ZI-data=1644  
".\Lab9.axf" - 0 Error(s), 1 Warning(s).
