<html>
<body>
<pre>
<h1>µVision Build Log</h1>
<h2>Project:</h2>
E:\Study Documents\hoc them\Embedded Systems - Shape The World_ Multi-Threaded Interfacing\Labware\Lab14_MeasurementOfDistance\Lab14.uvproj
Project File Date:  09/07/2020

<h2>Output:</h2>
Build target 'Lab14'
compiling MeasurementOfDistance.c...
linking...
Program Size: Code=7228 RO-data=7568 RW-data=128 ZI-data=1768  
".\Lab14.axf" - 0 Error(s), 0 Warning(s).
</pre>
</body>
</html>
 1 warning, 0 errors
linking...
Program Size: Code=7016 RO-data=7568 RW-data=124 ZI-data=1764  
".\Lab14.axf" - 0 Error(s), 1 Warning(s).
-data=124 ZI-data=1756  
".\Lab14.axf" - 0 Error(s), 1 Warning(s).
